// Jest Snapshot v1, https://goo.gl/fbAQLP

exports[`App matches snapshot 1`] = `
ShallowWrapper {
  Symbol(enzyme.__root__): [Circular],
  Symbol(enzyme.__unrendered__): <App />,
  Symbol(enzyme.__renderer__): Object {
    "batchedUpdates": [Function],
    "getNode": [Function],
    "render": [Function],
    "simulateEvent": [Function],
    "unmount": [Function],
  },
  Symbol(enzyme.__node__): Object {
    "instance": null,
    "key": undefined,
    "nodeType": "host",
    "props": Object {
      "children": Array [
        <header
          className="App-header"
>
          <h1
                    className="App-title"
          >
                    Roster Bots
          </h1>
</header>,
        <NavLink
          activeClassName="active"
          aria-current="page"
          to="/create-roster"
>
          Create Team Roster
</NavLink>,
        <NavLink
          activeClassName="active"
          aria-current="page"
          to="/rosters"
>
          View Team Rosters
</NavLink>,
        <Route
          exact={true}
          path="/create-roster"
          render={[Function]}
/>,
        <Route
          exact={true}
          path="/rosters"
          render={[Function]}
/>,
      ],
      "className": "App",
    },
    "ref": null,
    "rendered": Array [
      Object {
        "instance": null,
        "key": undefined,
        "nodeType": "host",
        "props": Object {
          "children": <h1
            className="App-title"
>
            Roster Bots
</h1>,
          "className": "App-header",
        },
        "ref": null,
        "rendered": Object {
          "instance": null,
          "key": undefined,
          "nodeType": "host",
          "props": Object {
            "children": "Roster Bots",
            "className": "App-title",
          },
          "ref": null,
          "rendered": "Roster Bots",
          "type": "h1",
        },
        "type": "header",
      },
      Object {
        "instance": null,
        "key": undefined,
        "nodeType": "function",
        "props": Object {
          "activeClassName": "active",
          "aria-current": "page",
          "children": "Create Team Roster",
          "to": "/create-roster",
        },
        "ref": null,
        "rendered": "Create Team Roster",
        "type": [Function],
      },
      Object {
        "instance": null,
        "key": undefined,
        "nodeType": "function",
        "props": Object {
          "activeClassName": "active",
          "aria-current": "page",
          "children": "View Team Rosters",
          "to": "/rosters",
        },
        "ref": null,
        "rendered": "View Team Rosters",
        "type": [Function],
      },
      Object {
        "instance": null,
        "key": undefined,
        "nodeType": "class",
        "props": Object {
          "exact": true,
          "path": "/create-roster",
          "render": [Function],
        },
        "ref": null,
        "rendered": null,
        "type": [Function],
      },
      Object {
        "instance": null,
        "key": undefined,
        "nodeType": "class",
        "props": Object {
          "exact": true,
          "path": "/rosters",
          "render": [Function],
        },
        "ref": null,
        "rendered": null,
        "type": [Function],
      },
    ],
    "type": "div",
  },
  Symbol(enzyme.__nodes__): Array [
    Object {
      "instance": null,
      "key": undefined,
      "nodeType": "host",
      "props": Object {
        "children": Array [
          <header
            className="App-header"
>
            <h1
                        className="App-title"
            >
                        Roster Bots
            </h1>
</header>,
          <NavLink
            activeClassName="active"
            aria-current="page"
            to="/create-roster"
>
            Create Team Roster
</NavLink>,
          <NavLink
            activeClassName="active"
            aria-current="page"
            to="/rosters"
>
            View Team Rosters
</NavLink>,
          <Route
            exact={true}
            path="/create-roster"
            render={[Function]}
/>,
          <Route
            exact={true}
            path="/rosters"
            render={[Function]}
/>,
        ],
        "className": "App",
      },
      "ref": null,
      "rendered": Array [
        Object {
          "instance": null,
          "key": undefined,
          "nodeType": "host",
          "props": Object {
            "children": <h1
              className="App-title"
>
              Roster Bots
</h1>,
            "className": "App-header",
          },
          "ref": null,
          "rendered": Object {
            "instance": null,
            "key": undefined,
            "nodeType": "host",
            "props": Object {
              "children": "Roster Bots",
              "className": "App-title",
            },
            "ref": null,
            "rendered": "Roster Bots",
            "type": "h1",
          },
          "type": "header",
        },
        Object {
          "instance": null,
          "key": undefined,
          "nodeType": "function",
          "props": Object {
            "activeClassName": "active",
            "aria-current": "page",
            "children": "Create Team Roster",
            "to": "/create-roster",
          },
          "ref": null,
          "rendered": "Create Team Roster",
          "type": [Function],
        },
        Object {
          "instance": null,
          "key": undefined,
          "nodeType": "function",
          "props": Object {
            "activeClassName": "active",
            "aria-current": "page",
            "children": "View Team Rosters",
            "to": "/rosters",
          },
          "ref": null,
          "rendered": "View Team Rosters",
          "type": [Function],
        },
        Object {
          "instance": null,
          "key": undefined,
          "nodeType": "class",
          "props": Object {
            "exact": true,
            "path": "/create-roster",
            "render": [Function],
          },
          "ref": null,
          "rendered": null,
          "type": [Function],
        },
        Object {
          "instance": null,
          "key": undefined,
          "nodeType": "class",
          "props": Object {
            "exact": true,
            "path": "/rosters",
            "render": [Function],
          },
          "ref": null,
          "rendered": null,
          "type": [Function],
        },
      ],
      "type": "div",
    },
  ],
  Symbol(enzyme.__options__): Object {
    "adapter": ReactSixteenAdapter {
      "options": Object {
        "enableComponentDidUpdateOnSetState": true,
        "lifecycles": Object {
          "componentDidUpdate": Object {
            "onSetState": true,
          },
          "getSnapshotBeforeUpdate": true,
        },
      },
    },
    "attachTo": undefined,
    "hydrateIn": undefined,
  },
}
`;
